---
source: zebra-rpc/src/methods/tests/snapshot.rs
expression: info
---
{
  "version": 100,
  "build": "v0.0.1",
  "subversion": "[SubVersion]",
  "protocolversion": 170140,
  "blocks": 10,
  "connections": 0,
  "difficulty": 1.0,
  "testnet": true,
  "paytxfee": 0.0,
  "relayfee": 0.000001,
  "errors": "no errors",
  "errorstimestamp": "[LastErrorTimestamp]"
}
