---
source: zebra-rpc/src/methods/tests/snapshot.rs
expression: get_block_subsidy
---
{
  "fundingstreams": [
    {
      "recipient": "Zcash Community Grants NU6",
      "specification": "https://zips.z.cash/zip-1015",
      "value": 0.125,
      "valueZat": 12500000,
      "address": "t2HifwjUj9uyxr9bknR8LFuQbc98c3vkXtu"
    }
  ],
  "lockboxstreams": [
    {
      "recipient": "Lockbox NU6",
      "specification": "https://zips.z.cash/zip-1015",
      "value": 0.1875,
      "valueZat": 18750000
    }
  ],
  "miner": 1.25,
  "founders": 0.0,
  "fundingstreamstotal": 0.125,
  "lockboxtotal": 0.1875,
  "totalblocksubsidy": 1.5625
}
