---
source: zebra-rpc/src/methods/tests/snapshot.rs
assertion_line: 562
expression: info
---
{
  "chain": "main",
  "blocks": 10,
  "bestblockhash": "00074c46a4aa8172df8ae2ad1848a2e084e1b6989b7d9e6132adc938bf835b36",
  "estimatedheight": "[Height]",
  "valuePools": [
    {
      "id": "transparent",
      "chainValue": 0.034375,
      "chainValueZat": 3437500
    },
    {
      "id": "sprout",
      "chainValue": 0.0,
      "chainValueZat": 0
    },
    {
      "id": "sapling",
      "chainValue": 0.0,
      "chainValueZat": 0
    },
    {
      "id": "orchard",
      "chainValue": 0.0,
      "chainValueZat": 0
    },
    {
      "id": "deferred",
      "chainValue": 0.0,
      "chainValueZat": 0
    }
  ],
  "upgrades": {
    "5ba81b19": {
      "name": "Overwinter",
      "activationheight": 347500,
      "status": "pending"
    },
    "76b809bb": {
      "name": "Sapling",
      "activationheight": 419200,
      "status": "pending"
    },
    "2bb40e60": {
      "name": "Blossom",
      "activationheight": 653600,
      "status": "pending"
    },
    "f5b9230b": {
      "name": "Heartwood",
      "activationheight": 903000,
      "status": "pending"
    },
    "e9ff75a6": {
      "name": "Canopy",
      "activationheight": 1046400,
      "status": "pending"
    },
    "c2d6d0b4": {
      "name": "NU5",
      "activationheight": 1687104,
      "status": "pending"
    },
    "c8e71055": {
      "name": "NU6",
      "activationheight": 2726400,
      "status": "pending"
    },
    "77190ad8": {
      "name": "NU7",
      "activationheight": 3111000,
      "status": "pending"
    }
  },
  "consensus": {
    "chaintip": "00000000",
    "nextblock": "00000000"
  }
}
