---
source: zebra-rpc/src/methods/tests/snapshot.rs
expression: coinbase_tx
---
V5(
  network_upgrade: NU5,
  lock_time: Height(Height(0)),
  expiry_height: Height(1842421),
  inputs: [
    Coinbase(
      height: Height(1842421),
      data: CoinbaseData([
        122,
        240,
        159,
        166,
        147,
      ]),
      sequence: 0,
    ),
  ],
  outputs: [
    Output(
      value: 250000000,
      lock_script: Script("76a9147e7e7e7e7e7e7e7e7e7e7e7e7e7e7e7e7e7e7e7e88ac"),
    ),
    Output(
      value: 15625000,
      lock_script: Script("a9140c0bcca02f3cba01a5d7423ac3903d40586399eb87"),
    ),
    Output(
      value: 21875000,
      lock_script: Script("a9144e3f0d9a33a2721604cbae2de8d9171e21f8fbe487"),
    ),
    Output(
      value: 25000000,
      lock_script: Script("a91471e1df05024288a00802de81e08c437859586c8787"),
    ),
  ],
  sapling_shielded_data: None,
  orchard_shielded_data: None,
)
