---
source: zebra-rpc/src/methods/tests/snapshot.rs
assertion_line: 177
expression: info
---
GetBlockChainInfo(
  chain: "main",
  blocks: Height(10),
  bestblockhash: "00074c46a4aa8172df8ae2ad1848a2e084e1b6989b7d9e6132adc938bf835b36",
  estimatedheight: "[Height]",
  upgrades: {
    ConsensusBranchIdHex("5ba81b19"): NetworkUpgradeInfo(
      name: Overwinter,
      activationheight: Height(347500),
      status: pending,
    ),
    ConsensusBranchIdHex("76b809bb"): NetworkUpgradeInfo(
      name: Sapling,
      activationheight: Height(419200),
      status: pending,
    ),
    ConsensusBranchIdHex("2bb40e60"): NetworkUpgradeInfo(
      name: Blossom,
      activationheight: Height(653600),
      status: pending,
    ),
    ConsensusBranchIdHex("f5b9230b"): NetworkUpgradeInfo(
      name: Heartwood,
      activationheight: Height(903000),
      status: pending,
    ),
    ConsensusBranchIdHex("e9ff75a6"): NetworkUpgradeInfo(
      name: Canopy,
      activationheight: Height(1046400),
      status: pending,
    ),
  },
  consensus: TipConsensusBranch(
    chaintip: ConsensusBranchIdHex("00000000"),
    nextblock: ConsensusBranchIdHex("00000000"),
  ),
)
