---
source: zebra-state/src/service/finalized_state/zebra_db/block/tests/snapshot.rs
expression: stored_address_utxos
---
[
  ("t3Vz22vK5z2LcKEdg16Yv4FFneEL1zg9ojd", [
    Output(
      value: Amount(12500),
      lock_script: Script("a9147d46a730d31f97b1930d3368a967c309bd4d136a87"),
    ),
  ]),
]
