---
source: zebra-state/src/service/finalized_state/zebra_db/block/tests/snapshot.rs
expression: stored_address_balances
---
[
  ("t2UNzUUx8mWBCRYPRezvA363EYXyEpHokyi", AddressBalanceLocation(
    balance: 37500,
    received: 37500,
    location: OutputLocation(
      transaction_location: TransactionLocation(
        height: Height(1),
        index: TransactionIndex(0),
      ),
      output_index: OutputIndex(1),
    ),
  )),
]
