---
source: zebra-state/src/service/finalized_state/disk_format/tests/snapshot.rs
expression: empty_column_families
---
[
  "history_tree: no entries",
  "orchard_issued_assets: no entries",
  "orchard_note_commitment_subtree: no entries",
  "orchard_nullifiers: no entries",
  "sapling_note_commitment_subtree: no entries",
  "sapling_nullifiers: no entries",
  "sprout_nullifiers: no entries",
]
